2026-01-19 15:46:31 INFO  RidergroupLaunchApp:27 - *** Starting The Emulator Android Device  ***
2026-01-19 15:46:31 INFO  RidergroupLaunchApp:53 - *** Entering The Email   ***
2026-01-19 15:46:35 INFO  RidergroupLaunchApp:55 - *** Entering The Password  ***
2026-01-19 15:46:38 INFO  RidergroupLaunchApp:57 - *** Clicking The Login Button   ***
2026-01-19 15:46:40 INFO  RidergroupLaunchApp:24 - ***  The Presence of The Welcome message    ***
2026-01-19 17:00:20 INFO  RidergroupLaunchApp:27 - *** Starting The Emulator Android Device  ***
2026-01-19 17:00:21 INFO  RidergroupLaunchApp:53 - *** Entering The Email   ***
2026-01-19 17:00:24 INFO  RidergroupLaunchApp:55 - *** Entering The Password  ***
2026-01-19 17:00:25 INFO  RidergroupLaunchApp:57 - *** Clicking The Login Button   ***
2026-01-19 17:00:27 INFO  RidergroupLaunchApp:24 - ***  The Presence of The Welcome message    ***
2026-01-19 17:03:11 INFO  RidergroupLaunchApp:27 - *** Starting The Emulator Android Device  ***
2026-01-19 17:03:11 INFO  RidergroupLaunchApp:53 - *** Entering The Email   ***
2026-01-19 17:03:14 INFO  RidergroupLaunchApp:55 - *** Entering The Password  ***
2026-01-19 17:03:16 INFO  RidergroupLaunchApp:57 - *** Clicking The Login Button   ***
2026-01-19 17:03:18 INFO  RidergroupLaunchApp:24 - ***  The Presence of The Welcome message    ***
2026-01-19 17:09:41 INFO  RidergroupLaunchApp:27 - *** Starting The Emulator Android Device  ***
2026-01-19 17:09:41 INFO  RidergroupLaunchApp:53 - *** Entering The Email   ***
2026-01-19 17:09:43 INFO  RidergroupLaunchApp:55 - *** Entering The Password  ***
2026-01-19 17:09:45 INFO  RidergroupLaunchApp:57 - *** Clicking The Login Button   ***
2026-01-19 17:09:46 INFO  RidergroupLaunchApp:24 - ***  The Presence of The Welcome message    ***
2026-01-19 17:14:13 INFO  RidergroupLaunchApp:27 - *** Starting The Emulator Android Device  ***
2026-01-19 17:14:13 INFO  RidergroupLaunchApp:53 - *** Entering The Email   ***
2026-01-19 17:14:16 INFO  RidergroupLaunchApp:55 - *** Entering The Password  ***
2026-01-19 17:14:18 INFO  RidergroupLaunchApp:57 - *** Clicking The Login Button   ***
2026-01-19 17:14:20 INFO  RidergroupLaunchApp:24 - ***  The Presence of The Welcome message    ***
2026-01-19 17:20:36 INFO  RidergroupLaunchApp:27 - *** Starting The Emulator Android Device  ***
2026-01-19 17:20:36 INFO  RidergroupLaunchApp:53 - *** Entering The Email   ***
2026-01-19 17:20:41 INFO  RidergroupLaunchApp:55 - *** Entering The Password  ***
2026-01-19 17:20:42 INFO  RidergroupLaunchApp:57 - *** Clicking The Login Button   ***
2026-01-19 17:20:43 INFO  RidergroupLaunchApp:24 - ***  The Presence of The Welcome message    ***
2026-01-20 12:07:27 INFO  RidergroupLaunchApp:27 - *** Starting The Emulator Android Device  ***
2026-01-20 12:07:28 INFO  RidergroupLaunchApp:53 - *** Entering The Email   ***
2026-01-20 12:07:31 INFO  RidergroupLaunchApp:55 - *** Entering The Password  ***
2026-01-20 12:07:34 INFO  RidergroupLaunchApp:57 - *** Clicking The Login Button   ***
2026-01-20 12:07:35 INFO  RidergroupLaunchApp:24 - ***  The Presence of The Welcome message    ***
2026-01-20 12:11:21 INFO  RidergroupLaunchApp:27 - *** Starting The Emulator Android Device  ***
2026-01-20 12:11:21 INFO  RidergroupLaunchApp:53 - *** Entering The Email   ***
2026-01-20 12:11:25 INFO  RidergroupLaunchApp:55 - *** Entering The Password  ***
2026-01-20 12:11:27 INFO  RidergroupLaunchApp:57 - *** Clicking The Login Button   ***
2026-01-20 12:11:29 INFO  RidergroupLaunchApp:24 - ***  The Presence of The Welcome message    ***
2026-01-20 12:14:10 INFO  RidergroupLaunchApp:27 - *** Starting The Emulator Android Device  ***
2026-01-20 12:14:10 INFO  RidergroupLaunchApp:53 - *** Entering The Email   ***
2026-01-20 12:14:14 INFO  RidergroupLaunchApp:55 - *** Entering The Password  ***
2026-01-20 12:14:17 INFO  RidergroupLaunchApp:57 - *** Clicking The Login Button   ***
2026-01-20 12:14:19 INFO  RidergroupLaunchApp:24 - ***  The Presence of The Welcome message    ***
2026-01-20 14:58:29 INFO  RidergroupLaunchApp:27 - *** Starting The Emulator Android Device  ***
2026-01-20 14:58:29 INFO  RidergroupLaunchApp:53 - *** Entering The Email   ***
2026-01-20 14:58:32 INFO  RidergroupLaunchApp:55 - *** Entering The Password  ***
2026-01-20 14:58:35 INFO  RidergroupLaunchApp:57 - *** Clicking The Login Button   ***
2026-01-20 14:58:37 INFO  RidergroupLaunchApp:24 - ***  The Presence of The Welcome message    ***
2026-01-20 15:04:22 INFO  RidergroupLaunchApp:27 - *** Starting The Emulator Android Device  ***
2026-01-20 15:04:22 INFO  RidergroupLaunchApp:53 - *** Entering The Email   ***
2026-01-20 15:04:25 INFO  RidergroupLaunchApp:55 - *** Entering The Password  ***
2026-01-20 15:04:29 INFO  RidergroupLaunchApp:57 - *** Clicking The Login Button   ***
2026-01-20 15:04:31 INFO  RidergroupLaunchApp:24 - ***  The Presence of The Welcome message    ***
2026-01-20 15:05:35 INFO  RidergroupLaunchApp:27 - *** Starting The Emulator Android Device  ***
2026-01-20 15:05:35 INFO  RidergroupLaunchApp:53 - *** Entering The Email   ***
2026-01-20 15:05:40 INFO  RidergroupLaunchApp:55 - *** Entering The Password  ***
2026-01-20 15:05:41 INFO  RidergroupLaunchApp:57 - *** Clicking The Login Button   ***
2026-01-20 15:05:43 INFO  RidergroupLaunchApp:24 - ***  The Presence of The Welcome message    ***
2026-01-20 15:07:01 INFO  RidergroupLaunchApp:27 - *** Starting The Emulator Android Device  ***
2026-01-20 15:07:02 INFO  RidergroupLaunchApp:53 - *** Entering The Email   ***
2026-01-20 15:07:05 INFO  RidergroupLaunchApp:55 - *** Entering The Password  ***
2026-01-20 15:07:07 INFO  RidergroupLaunchApp:57 - *** Clicking The Login Button   ***
2026-01-20 15:07:09 INFO  RidergroupLaunchApp:24 - ***  The Presence of The Welcome message    ***
2026-01-20 15:09:26 INFO  RidergroupLaunchApp:27 - *** Starting The Emulator Android Device  ***
2026-01-20 15:09:26 INFO  RidergroupLaunchApp:53 - *** Entering The Email   ***
2026-01-20 15:09:30 INFO  RidergroupLaunchApp:55 - *** Entering The Password  ***
2026-01-20 15:09:32 INFO  RidergroupLaunchApp:57 - *** Clicking The Login Button   ***
2026-01-20 15:09:34 INFO  RidergroupLaunchApp:24 - ***  The Presence of The Welcome message    ***
2026-01-20 15:19:00 INFO  RidergroupLaunchApp:27 - *** Starting The Emulator Android Device  ***
2026-01-20 15:19:00 INFO  RidergroupLaunchApp:53 - *** Entering The Email   ***
2026-01-20 15:19:03 INFO  RidergroupLaunchApp:55 - *** Entering The Password  ***
2026-01-20 15:19:06 INFO  RidergroupLaunchApp:57 - *** Clicking The Login Button   ***
2026-01-20 15:19:07 INFO  RidergroupLaunchApp:24 - ***  The Presence of The Welcome message    ***
